------------------------------------------------------------
Timing Analyzer Summary
------------------------------------------------------------

Type  : Slow 1100mV 85C Model Setup 'CLOCK_50'
Slack : -10.409
TNS   : -5094.297

Type  : Slow 1100mV 85C Model Hold 'CLOCK_50'
Slack : 0.442
TNS   : 0.000

Type  : Slow 1100mV 85C Model Recovery 'divisorGenerico_e_Interface:BaseTempoRapida|divisorGenerico:baseTempo|tick'
Slack : -7.689
TNS   : -7.689

Type  : Slow 1100mV 85C Model Recovery 'divisorGenerico_e_Interface:BaseTempo|divisorGenerico:baseTempo|tick'
Slack : -7.353
TNS   : -7.353

Type  : Slow 1100mV 85C Model Recovery 'KEY[0]'
Slack : -5.102
TNS   : -5.102

Type  : Slow 1100mV 85C Model Recovery 'KEY[1]'
Slack : -4.806
TNS   : -4.806

Type  : Slow 1100mV 85C Model Removal 'KEY[1]'
Slack : 1.410
TNS   : 0.000

Type  : Slow 1100mV 85C Model Removal 'KEY[0]'
Slack : 1.864
TNS   : 0.000

Type  : Slow 1100mV 85C Model Removal 'divisorGenerico_e_Interface:BaseTempo|divisorGenerico:baseTempo|tick'
Slack : 4.047
TNS   : 0.000

Type  : Slow 1100mV 85C Model Removal 'divisorGenerico_e_Interface:BaseTempoRapida|divisorGenerico:baseTempo|tick'
Slack : 4.224
TNS   : 0.000

Type  : Slow 1100mV 85C Model Minimum Pulse Width 'CLOCK_50'
Slack : -0.568
TNS   : -639.035

Type  : Slow 1100mV 85C Model Minimum Pulse Width 'KEY[1]'
Slack : -0.538
TNS   : -0.917

Type  : Slow 1100mV 85C Model Minimum Pulse Width 'divisorGenerico_e_Interface:BaseTempo|divisorGenerico:baseTempo|tick'
Slack : -0.538
TNS   : -0.854

Type  : Slow 1100mV 85C Model Minimum Pulse Width 'divisorGenerico_e_Interface:BaseTempoRapida|divisorGenerico:baseTempo|tick'
Slack : -0.538
TNS   : -0.820

Type  : Slow 1100mV 85C Model Minimum Pulse Width 'KEY[0]'
Slack : -0.538
TNS   : -0.788

Type  : Slow 1100mV 0C Model Setup 'CLOCK_50'
Slack : -10.491
TNS   : -4995.618

Type  : Slow 1100mV 0C Model Hold 'CLOCK_50'
Slack : 0.446
TNS   : 0.000

Type  : Slow 1100mV 0C Model Recovery 'divisorGenerico_e_Interface:BaseTempoRapida|divisorGenerico:baseTempo|tick'
Slack : -7.751
TNS   : -7.751

Type  : Slow 1100mV 0C Model Recovery 'divisorGenerico_e_Interface:BaseTempo|divisorGenerico:baseTempo|tick'
Slack : -7.433
TNS   : -7.433

Type  : Slow 1100mV 0C Model Recovery 'KEY[0]'
Slack : -5.325
TNS   : -5.325

Type  : Slow 1100mV 0C Model Recovery 'KEY[1]'
Slack : -4.983
TNS   : -4.983

Type  : Slow 1100mV 0C Model Removal 'KEY[1]'
Slack : 1.480
TNS   : 0.000

Type  : Slow 1100mV 0C Model Removal 'KEY[0]'
Slack : 1.970
TNS   : 0.000

Type  : Slow 1100mV 0C Model Removal 'divisorGenerico_e_Interface:BaseTempo|divisorGenerico:baseTempo|tick'
Slack : 4.145
TNS   : 0.000

Type  : Slow 1100mV 0C Model Removal 'divisorGenerico_e_Interface:BaseTempoRapida|divisorGenerico:baseTempo|tick'
Slack : 4.304
TNS   : 0.000

Type  : Slow 1100mV 0C Model Minimum Pulse Width 'CLOCK_50'
Slack : -0.579
TNS   : -566.076

Type  : Slow 1100mV 0C Model Minimum Pulse Width 'KEY[1]'
Slack : -0.538
TNS   : -0.933

Type  : Slow 1100mV 0C Model Minimum Pulse Width 'divisorGenerico_e_Interface:BaseTempo|divisorGenerico:baseTempo|tick'
Slack : -0.538
TNS   : -0.829

Type  : Slow 1100mV 0C Model Minimum Pulse Width 'divisorGenerico_e_Interface:BaseTempoRapida|divisorGenerico:baseTempo|tick'
Slack : -0.538
TNS   : -0.813

Type  : Slow 1100mV 0C Model Minimum Pulse Width 'KEY[0]'
Slack : -0.538
TNS   : -0.781

Type  : Fast 1100mV 85C Model Setup 'CLOCK_50'
Slack : -4.916
TNS   : -2382.371

Type  : Fast 1100mV 85C Model Hold 'CLOCK_50'
Slack : 0.113
TNS   : 0.000

Type  : Fast 1100mV 85C Model Recovery 'divisorGenerico_e_Interface:BaseTempoRapida|divisorGenerico:baseTempo|tick'
Slack : -3.466
TNS   : -3.466

Type  : Fast 1100mV 85C Model Recovery 'divisorGenerico_e_Interface:BaseTempo|divisorGenerico:baseTempo|tick'
Slack : -3.301
TNS   : -3.301

Type  : Fast 1100mV 85C Model Recovery 'KEY[0]'
Slack : -2.123
TNS   : -2.123

Type  : Fast 1100mV 85C Model Recovery 'KEY[1]'
Slack : -1.872
TNS   : -1.872

Type  : Fast 1100mV 85C Model Removal 'KEY[1]'
Slack : 0.244
TNS   : 0.000

Type  : Fast 1100mV 85C Model Removal 'KEY[0]'
Slack : 0.606
TNS   : 0.000

Type  : Fast 1100mV 85C Model Removal 'divisorGenerico_e_Interface:BaseTempo|divisorGenerico:baseTempo|tick'
Slack : 1.795
TNS   : 0.000

Type  : Fast 1100mV 85C Model Removal 'divisorGenerico_e_Interface:BaseTempoRapida|divisorGenerico:baseTempo|tick'
Slack : 1.926
TNS   : 0.000

Type  : Fast 1100mV 85C Model Minimum Pulse Width 'CLOCK_50'
Slack : -0.643
TNS   : -328.945

Type  : Fast 1100mV 85C Model Minimum Pulse Width 'KEY[1]'
Slack : -0.529
TNS   : -1.572

Type  : Fast 1100mV 85C Model Minimum Pulse Width 'KEY[0]'
Slack : -0.397
TNS   : -1.080

Type  : Fast 1100mV 85C Model Minimum Pulse Width 'divisorGenerico_e_Interface:BaseTempo|divisorGenerico:baseTempo|tick'
Slack : 0.001
TNS   : 0.000

Type  : Fast 1100mV 85C Model Minimum Pulse Width 'divisorGenerico_e_Interface:BaseTempoRapida|divisorGenerico:baseTempo|tick'
Slack : 0.044
TNS   : 0.000

Type  : Fast 1100mV 0C Model Setup 'CLOCK_50'
Slack : -4.417
TNS   : -2079.343

Type  : Fast 1100mV 0C Model Hold 'CLOCK_50'
Slack : -0.019
TNS   : -0.019

Type  : Fast 1100mV 0C Model Recovery 'divisorGenerico_e_Interface:BaseTempoRapida|divisorGenerico:baseTempo|tick'
Slack : -3.187
TNS   : -3.187

Type  : Fast 1100mV 0C Model Recovery 'divisorGenerico_e_Interface:BaseTempo|divisorGenerico:baseTempo|tick'
Slack : -3.038
TNS   : -3.038

Type  : Fast 1100mV 0C Model Recovery 'KEY[0]'
Slack : -1.883
TNS   : -1.883

Type  : Fast 1100mV 0C Model Recovery 'KEY[1]'
Slack : -1.633
TNS   : -1.633

Type  : Fast 1100mV 0C Model Removal 'KEY[1]'
Slack : 0.203
TNS   : 0.000

Type  : Fast 1100mV 0C Model Removal 'KEY[0]'
Slack : 0.525
TNS   : 0.000

Type  : Fast 1100mV 0C Model Removal 'divisorGenerico_e_Interface:BaseTempo|divisorGenerico:baseTempo|tick'
Slack : 1.709
TNS   : 0.000

Type  : Fast 1100mV 0C Model Removal 'divisorGenerico_e_Interface:BaseTempoRapida|divisorGenerico:baseTempo|tick'
Slack : 1.818
TNS   : 0.000

Type  : Fast 1100mV 0C Model Minimum Pulse Width 'CLOCK_50'
Slack : -0.667
TNS   : -392.053

Type  : Fast 1100mV 0C Model Minimum Pulse Width 'KEY[1]'
Slack : -0.586
TNS   : -1.779

Type  : Fast 1100mV 0C Model Minimum Pulse Width 'KEY[0]'
Slack : -0.449
TNS   : -1.320

Type  : Fast 1100mV 0C Model Minimum Pulse Width 'divisorGenerico_e_Interface:BaseTempo|divisorGenerico:baseTempo|tick'
Slack : 0.038
TNS   : 0.000

Type  : Fast 1100mV 0C Model Minimum Pulse Width 'divisorGenerico_e_Interface:BaseTempoRapida|divisorGenerico:baseTempo|tick'
Slack : 0.070
TNS   : 0.000

------------------------------------------------------------
